// Jest Snapshot v1, https://goo.gl/fbAQLP

exports[`BookDetailCard matches the snapshot 1`] = `
ShallowWrapper {
  Symbol(enzyme.__root__): [Circular],
  Symbol(enzyme.__unrendered__): <BookDetailCard
    book={
      Object {
        "author": Object {
          "bookCount": 2,
          "created": 2017-07-06T22:02:17.051Z,
          "firstName": "Stephen",
          "id": "93ucbe8c8fn98w7b276v",
          "lastName": "King",
          "updated": 2017-08-17T21:27:35.885Z,
        },
        "created": 2017-10-01T01:39:26.220Z,
        "id": "2IYt04BVltrQYhZ118ZJ",
        "sortBy": "Dark Tower 2",
        "title": "The Drawing of the Three",
        "updated": 2017-10-01T01:39:26.220Z,
      }
    }
    onBackClick={[Function]}
    onDeleteClick={[Function]}
    onEditClick={[Function]}
  />,
  Symbol(enzyme.__renderer__): Object {
    "batchedUpdates": [Function],
    "getNode": [Function],
    "render": [Function],
    "simulateError": [Function],
    "simulateEvent": [Function],
    "unmount": [Function],
  },
  Symbol(enzyme.__node__): Object {
    "instance": null,
    "key": undefined,
    "nodeType": "function",
    "props": Object {
      "children": Array [
        <AuthorLink
          author={
            Object {
              "bookCount": 2,
              "created": 2017-07-06T22:02:17.051Z,
              "firstName": "Stephen",
              "id": "93ucbe8c8fn98w7b276v",
              "lastName": "King",
              "updated": 2017-08-17T21:27:35.885Z,
            }
          }
        />,
        <CardTextList
          textList={
            Array [
              Object {
                "title": "Sort by",
                "value": "Dark Tower 2",
              },
              Object {
                "title": "Added",
                "value": "Sep. 30, 2017, 18:39:26",
              },
              Object {
                "title": "Updated",
                "value": "Sep. 30, 2017, 18:39:26",
              },
            ]
          }
        />,
        <CardSpacer
          size="medium"
        />,
        <ButtonRow>
          <Button
            onClick={[Function]}
            position="left"
            text="Edit"
            type="info"
          />
          <Button
            onClick={[Function]}
            text="Delete"
            type="danger"
          />
          <Button
            onClick={[Function]}
            position="right"
            text="Back"
            type="light"
          />
        </ButtonRow>,
      ],
      "header": "The Drawing of the Three",
    },
    "ref": null,
    "rendered": Array [
      Object {
        "instance": null,
        "key": undefined,
        "nodeType": "function",
        "props": Object {
          "author": Object {
            "bookCount": 2,
            "created": 2017-07-06T22:02:17.051Z,
            "firstName": "Stephen",
            "id": "93ucbe8c8fn98w7b276v",
            "lastName": "King",
            "updated": 2017-08-17T21:27:35.885Z,
          },
        },
        "ref": null,
        "rendered": null,
        "type": [Function],
      },
      Object {
        "instance": null,
        "key": undefined,
        "nodeType": "function",
        "props": Object {
          "textList": Array [
            Object {
              "title": "Sort by",
              "value": "Dark Tower 2",
            },
            Object {
              "title": "Added",
              "value": "Sep. 30, 2017, 18:39:26",
            },
            Object {
              "title": "Updated",
              "value": "Sep. 30, 2017, 18:39:26",
            },
          ],
        },
        "ref": null,
        "rendered": null,
        "type": [Function],
      },
      Object {
        "instance": null,
        "key": undefined,
        "nodeType": "function",
        "props": Object {
          "size": "medium",
        },
        "ref": null,
        "rendered": null,
        "type": [Function],
      },
      Object {
        "instance": null,
        "key": undefined,
        "nodeType": "function",
        "props": Object {
          "children": Array [
            <Button
              onClick={[Function]}
              position="left"
              text="Edit"
              type="info"
            />,
            <Button
              onClick={[Function]}
              text="Delete"
              type="danger"
            />,
            <Button
              onClick={[Function]}
              position="right"
              text="Back"
              type="light"
            />,
          ],
        },
        "ref": null,
        "rendered": Array [
          Object {
            "instance": null,
            "key": undefined,
            "nodeType": "function",
            "props": Object {
              "onClick": [Function],
              "position": "left",
              "text": "Edit",
              "type": "info",
            },
            "ref": null,
            "rendered": null,
            "type": [Function],
          },
          Object {
            "instance": null,
            "key": undefined,
            "nodeType": "function",
            "props": Object {
              "onClick": [Function],
              "text": "Delete",
              "type": "danger",
            },
            "ref": null,
            "rendered": null,
            "type": [Function],
          },
          Object {
            "instance": null,
            "key": undefined,
            "nodeType": "function",
            "props": Object {
              "onClick": [Function],
              "position": "right",
              "text": "Back",
              "type": "light",
            },
            "ref": null,
            "rendered": null,
            "type": [Function],
          },
        ],
        "type": [Function],
      },
    ],
    "type": [Function],
  },
  Symbol(enzyme.__nodes__): Array [
    Object {
      "instance": null,
      "key": undefined,
      "nodeType": "function",
      "props": Object {
        "children": Array [
          <AuthorLink
            author={
              Object {
                "bookCount": 2,
                "created": 2017-07-06T22:02:17.051Z,
                "firstName": "Stephen",
                "id": "93ucbe8c8fn98w7b276v",
                "lastName": "King",
                "updated": 2017-08-17T21:27:35.885Z,
              }
            }
          />,
          <CardTextList
            textList={
              Array [
                Object {
                  "title": "Sort by",
                  "value": "Dark Tower 2",
                },
                Object {
                  "title": "Added",
                  "value": "Sep. 30, 2017, 18:39:26",
                },
                Object {
                  "title": "Updated",
                  "value": "Sep. 30, 2017, 18:39:26",
                },
              ]
            }
          />,
          <CardSpacer
            size="medium"
          />,
          <ButtonRow>
            <Button
              onClick={[Function]}
              position="left"
              text="Edit"
              type="info"
            />
            <Button
              onClick={[Function]}
              text="Delete"
              type="danger"
            />
            <Button
              onClick={[Function]}
              position="right"
              text="Back"
              type="light"
            />
          </ButtonRow>,
        ],
        "header": "The Drawing of the Three",
      },
      "ref": null,
      "rendered": Array [
        Object {
          "instance": null,
          "key": undefined,
          "nodeType": "function",
          "props": Object {
            "author": Object {
              "bookCount": 2,
              "created": 2017-07-06T22:02:17.051Z,
              "firstName": "Stephen",
              "id": "93ucbe8c8fn98w7b276v",
              "lastName": "King",
              "updated": 2017-08-17T21:27:35.885Z,
            },
          },
          "ref": null,
          "rendered": null,
          "type": [Function],
        },
        Object {
          "instance": null,
          "key": undefined,
          "nodeType": "function",
          "props": Object {
            "textList": Array [
              Object {
                "title": "Sort by",
                "value": "Dark Tower 2",
              },
              Object {
                "title": "Added",
                "value": "Sep. 30, 2017, 18:39:26",
              },
              Object {
                "title": "Updated",
                "value": "Sep. 30, 2017, 18:39:26",
              },
            ],
          },
          "ref": null,
          "rendered": null,
          "type": [Function],
        },
        Object {
          "instance": null,
          "key": undefined,
          "nodeType": "function",
          "props": Object {
            "size": "medium",
          },
          "ref": null,
          "rendered": null,
          "type": [Function],
        },
        Object {
          "instance": null,
          "key": undefined,
          "nodeType": "function",
          "props": Object {
            "children": Array [
              <Button
                onClick={[Function]}
                position="left"
                text="Edit"
                type="info"
              />,
              <Button
                onClick={[Function]}
                text="Delete"
                type="danger"
              />,
              <Button
                onClick={[Function]}
                position="right"
                text="Back"
                type="light"
              />,
            ],
          },
          "ref": null,
          "rendered": Array [
            Object {
              "instance": null,
              "key": undefined,
              "nodeType": "function",
              "props": Object {
                "onClick": [Function],
                "position": "left",
                "text": "Edit",
                "type": "info",
              },
              "ref": null,
              "rendered": null,
              "type": [Function],
            },
            Object {
              "instance": null,
              "key": undefined,
              "nodeType": "function",
              "props": Object {
                "onClick": [Function],
                "text": "Delete",
                "type": "danger",
              },
              "ref": null,
              "rendered": null,
              "type": [Function],
            },
            Object {
              "instance": null,
              "key": undefined,
              "nodeType": "function",
              "props": Object {
                "onClick": [Function],
                "position": "right",
                "text": "Back",
                "type": "light",
              },
              "ref": null,
              "rendered": null,
              "type": [Function],
            },
          ],
          "type": [Function],
        },
      ],
      "type": [Function],
    },
  ],
  Symbol(enzyme.__options__): Object {
    "adapter": ReactSixteenAdapter {
      "options": Object {
        "enableComponentDidUpdateOnSetState": true,
        "lifecycles": Object {
          "componentDidUpdate": Object {
            "onSetState": true,
          },
          "getDerivedStateFromProps": true,
          "getSnapshotBeforeUpdate": true,
          "setState": Object {
            "skipsComponentDidUpdateOnNullish": true,
          },
        },
      },
    },
    "attachTo": undefined,
    "hydrateIn": undefined,
  },
}
`;
