// Jest Snapshot v1, https://goo.gl/fbAQLP

exports[`AuthorDetailCard matches the snapshot 1`] = `
ShallowWrapper {
  "length": 1,
  Symbol(enzyme.__root__): [Circular],
  Symbol(enzyme.__unrendered__): <AuthorDetailCard
    author={Object {}}
    onBackClick={[Function]}
    onDeleteClick={[Function]}
    onEditClick={[Function]}
  />,
  Symbol(enzyme.__renderer__): Object {
    "batchedUpdates": [Function],
    "getNode": [Function],
    "render": [Function],
    "simulateEvent": [Function],
    "unmount": [Function],
  },
  Symbol(enzyme.__node__): Object {
    "instance": null,
    "key": undefined,
    "nodeType": "function",
    "props": Object {
      "children": Array [
        <CardSpacer />,
        <CardTextList
          textList={
            Array [
              Object {
                "title": "Added",
                "value": "Jun. 30, 2017, 18:16:43",
              },
              Object {
                "title": "Updated",
                "value": "Jun. 30, 2017, 18:16:43",
              },
            ]
          }
        />,
        <CardSpacer
          size="large"
        />,
        <ButtonRow>
          <Button
            onClick={[Function]}
            position="left"
            text="Edit"
            type="info"
          />
          <Button
            onClick={[Function]}
            text="Delete"
            type="danger"
          />
          <Button
            onClick={[Function]}
            position="right"
            text="Back"
            type="light"
          />
        </ButtonRow>,
      ],
      "classes": Array [
        "detail-card",
        "author-detail-card",
      ],
      "header": "Aldous Huxley",
      "hoverable": false,
    },
    "ref": null,
    "rendered": Array [
      Object {
        "instance": null,
        "key": undefined,
        "nodeType": "function",
        "props": Object {},
        "ref": null,
        "rendered": null,
        "type": [Function],
      },
      Object {
        "instance": null,
        "key": undefined,
        "nodeType": "function",
        "props": Object {
          "textList": Array [
            Object {
              "title": "Added",
              "value": "Jun. 30, 2017, 18:16:43",
            },
            Object {
              "title": "Updated",
              "value": "Jun. 30, 2017, 18:16:43",
            },
          ],
        },
        "ref": null,
        "rendered": null,
        "type": [Function],
      },
      Object {
        "instance": null,
        "key": undefined,
        "nodeType": "function",
        "props": Object {
          "size": "large",
        },
        "ref": null,
        "rendered": null,
        "type": [Function],
      },
      Object {
        "instance": null,
        "key": undefined,
        "nodeType": "function",
        "props": Object {
          "children": Array [
            <Button
              onClick={[Function]}
              position="left"
              text="Edit"
              type="info"
            />,
            <Button
              onClick={[Function]}
              text="Delete"
              type="danger"
            />,
            <Button
              onClick={[Function]}
              position="right"
              text="Back"
              type="light"
            />,
          ],
        },
        "ref": null,
        "rendered": Array [
          Object {
            "instance": null,
            "key": undefined,
            "nodeType": "function",
            "props": Object {
              "onClick": [Function],
              "position": "left",
              "text": "Edit",
              "type": "info",
            },
            "ref": null,
            "rendered": null,
            "type": [Function],
          },
          Object {
            "instance": null,
            "key": undefined,
            "nodeType": "function",
            "props": Object {
              "onClick": [Function],
              "text": "Delete",
              "type": "danger",
            },
            "ref": null,
            "rendered": null,
            "type": [Function],
          },
          Object {
            "instance": null,
            "key": undefined,
            "nodeType": "function",
            "props": Object {
              "onClick": [Function],
              "position": "right",
              "text": "Back",
              "type": "light",
            },
            "ref": null,
            "rendered": null,
            "type": [Function],
          },
        ],
        "type": [Function],
      },
    ],
    "type": [Function],
  },
  Symbol(enzyme.__nodes__): Array [
    Object {
      "instance": null,
      "key": undefined,
      "nodeType": "function",
      "props": Object {
        "children": Array [
          <CardSpacer />,
          <CardTextList
            textList={
              Array [
                Object {
                  "title": "Added",
                  "value": "Jun. 30, 2017, 18:16:43",
                },
                Object {
                  "title": "Updated",
                  "value": "Jun. 30, 2017, 18:16:43",
                },
              ]
            }
          />,
          <CardSpacer
            size="large"
          />,
          <ButtonRow>
            <Button
              onClick={[Function]}
              position="left"
              text="Edit"
              type="info"
            />
            <Button
              onClick={[Function]}
              text="Delete"
              type="danger"
            />
            <Button
              onClick={[Function]}
              position="right"
              text="Back"
              type="light"
            />
          </ButtonRow>,
        ],
        "classes": Array [
          "detail-card",
          "author-detail-card",
        ],
        "header": "Aldous Huxley",
        "hoverable": false,
      },
      "ref": null,
      "rendered": Array [
        Object {
          "instance": null,
          "key": undefined,
          "nodeType": "function",
          "props": Object {},
          "ref": null,
          "rendered": null,
          "type": [Function],
        },
        Object {
          "instance": null,
          "key": undefined,
          "nodeType": "function",
          "props": Object {
            "textList": Array [
              Object {
                "title": "Added",
                "value": "Jun. 30, 2017, 18:16:43",
              },
              Object {
                "title": "Updated",
                "value": "Jun. 30, 2017, 18:16:43",
              },
            ],
          },
          "ref": null,
          "rendered": null,
          "type": [Function],
        },
        Object {
          "instance": null,
          "key": undefined,
          "nodeType": "function",
          "props": Object {
            "size": "large",
          },
          "ref": null,
          "rendered": null,
          "type": [Function],
        },
        Object {
          "instance": null,
          "key": undefined,
          "nodeType": "function",
          "props": Object {
            "children": Array [
              <Button
                onClick={[Function]}
                position="left"
                text="Edit"
                type="info"
              />,
              <Button
                onClick={[Function]}
                text="Delete"
                type="danger"
              />,
              <Button
                onClick={[Function]}
                position="right"
                text="Back"
                type="light"
              />,
            ],
          },
          "ref": null,
          "rendered": Array [
            Object {
              "instance": null,
              "key": undefined,
              "nodeType": "function",
              "props": Object {
                "onClick": [Function],
                "position": "left",
                "text": "Edit",
                "type": "info",
              },
              "ref": null,
              "rendered": null,
              "type": [Function],
            },
            Object {
              "instance": null,
              "key": undefined,
              "nodeType": "function",
              "props": Object {
                "onClick": [Function],
                "text": "Delete",
                "type": "danger",
              },
              "ref": null,
              "rendered": null,
              "type": [Function],
            },
            Object {
              "instance": null,
              "key": undefined,
              "nodeType": "function",
              "props": Object {
                "onClick": [Function],
                "position": "right",
                "text": "Back",
                "type": "light",
              },
              "ref": null,
              "rendered": null,
              "type": [Function],
            },
          ],
          "type": [Function],
        },
      ],
      "type": [Function],
    },
  ],
  Symbol(enzyme.__options__): Object {
    "adapter": ReactSixteenAdapter {
      "options": Object {
        "enableComponentDidUpdateOnSetState": true,
      },
    },
  },
}
`;
