// Jest Snapshot v1, https://goo.gl/fbAQLP

exports[`AccountDetailView matches the snapshot 1`] = `
ShallowWrapper {
  "length": 1,
  Symbol(enzyme.__root__): [Circular],
  Symbol(enzyme.__unrendered__): <AccountDetailView
    onEditClick={[Function]}
    onLogoutClick={[Function]}
    onVerifyAccountClick={[Function]}
    profile={
      Object {
        "created": 2017-07-01T01:16:43.881Z,
        "firstName": "Larry",
        "lastName": "Finklestein",
        "owner": "oiw223h3qndlksadffl3ksdf",
        "updated": 2017-07-01T01:16:43.881Z,
      }
    }
    user={
      Object {
        "displayName": null,
        "email": "mockuser1@gmail.com",
        "emailVerified": true,
        "id": "h6EfCE6MrJ5IVf2ay3QsPdX5Jd23",
        "lastLogin": 2017-07-01T01:11:03.942Z,
        "registered": 2017-06-30T19:52:54.644Z,
      }
    }
    verificationEmailHasBeenSent={false}
  />,
  Symbol(enzyme.__renderer__): Object {
    "batchedUpdates": [Function],
    "getNode": [Function],
    "render": [Function],
    "simulateEvent": [Function],
    "unmount": [Function],
  },
  Symbol(enzyme.__node__): Object {
    "instance": null,
    "key": undefined,
    "nodeType": "host",
    "props": Object {
      "children": Array [
        <Card
          header="My Account"
        >
          <CardSpacer />
          <CardTextList
            textList={
              Array [
                Object {
                  "title": "Name",
                  "value": "Larry Finklestein",
                },
                Object {
                  "title": "Email",
                  "value": "mockuser1@gmail.com",
                },
              ]
            }
          />
          <CardSpacer />
          <CardTextList
            textList={
              Array [
                Object {
                  "title": "Registered",
                  "value": "Jun. 30, 2017, 12:52:54",
                },
                Object {
                  "title": "Last login",
                  "value": "Jun. 30, 2017, 18:11:03",
                },
              ]
            }
          />
          <CardSpacer />
          <ButtonRow>
            <Button
              onClick={[Function]}
              position="left"
              text="Logout"
              type="info"
            />
            <Button
              onClick={[Function]}
              position="right"
              text="Edit"
              type="secondary"
            />
          </ButtonRow>
        </Card>,
        false,
      ],
      "className": undefined,
    },
    "ref": null,
    "rendered": Array [
      Object {
        "instance": null,
        "key": undefined,
        "nodeType": "function",
        "props": Object {
          "children": Array [
            <CardSpacer />,
            <CardTextList
              textList={
                Array [
                  Object {
                    "title": "Name",
                    "value": "Larry Finklestein",
                  },
                  Object {
                    "title": "Email",
                    "value": "mockuser1@gmail.com",
                  },
                ]
              }
            />,
            <CardSpacer />,
            <CardTextList
              textList={
                Array [
                  Object {
                    "title": "Registered",
                    "value": "Jun. 30, 2017, 12:52:54",
                  },
                  Object {
                    "title": "Last login",
                    "value": "Jun. 30, 2017, 18:11:03",
                  },
                ]
              }
            />,
            <CardSpacer />,
            <ButtonRow>
              <Button
                onClick={[Function]}
                position="left"
                text="Logout"
                type="info"
              />
              <Button
                onClick={[Function]}
                position="right"
                text="Edit"
                type="secondary"
              />
            </ButtonRow>,
          ],
          "header": "My Account",
        },
        "ref": null,
        "rendered": Array [
          Object {
            "instance": null,
            "key": undefined,
            "nodeType": "function",
            "props": Object {},
            "ref": null,
            "rendered": null,
            "type": [Function],
          },
          Object {
            "instance": null,
            "key": undefined,
            "nodeType": "function",
            "props": Object {
              "textList": Array [
                Object {
                  "title": "Name",
                  "value": "Larry Finklestein",
                },
                Object {
                  "title": "Email",
                  "value": "mockuser1@gmail.com",
                },
              ],
            },
            "ref": null,
            "rendered": null,
            "type": [Function],
          },
          Object {
            "instance": null,
            "key": undefined,
            "nodeType": "function",
            "props": Object {},
            "ref": null,
            "rendered": null,
            "type": [Function],
          },
          Object {
            "instance": null,
            "key": undefined,
            "nodeType": "function",
            "props": Object {
              "textList": Array [
                Object {
                  "title": "Registered",
                  "value": "Jun. 30, 2017, 12:52:54",
                },
                Object {
                  "title": "Last login",
                  "value": "Jun. 30, 2017, 18:11:03",
                },
              ],
            },
            "ref": null,
            "rendered": null,
            "type": [Function],
          },
          Object {
            "instance": null,
            "key": undefined,
            "nodeType": "function",
            "props": Object {},
            "ref": null,
            "rendered": null,
            "type": [Function],
          },
          Object {
            "instance": null,
            "key": undefined,
            "nodeType": "function",
            "props": Object {
              "children": Array [
                <Button
                  onClick={[Function]}
                  position="left"
                  text="Logout"
                  type="info"
                />,
                <Button
                  onClick={[Function]}
                  position="right"
                  text="Edit"
                  type="secondary"
                />,
              ],
            },
            "ref": null,
            "rendered": Array [
              Object {
                "instance": null,
                "key": undefined,
                "nodeType": "function",
                "props": Object {
                  "onClick": [Function],
                  "position": "left",
                  "text": "Logout",
                  "type": "info",
                },
                "ref": null,
                "rendered": null,
                "type": [Function],
              },
              Object {
                "instance": null,
                "key": undefined,
                "nodeType": "function",
                "props": Object {
                  "onClick": [Function],
                  "position": "right",
                  "text": "Edit",
                  "type": "secondary",
                },
                "ref": null,
                "rendered": null,
                "type": [Function],
              },
            ],
            "type": [Function],
          },
        ],
        "type": [Function],
      },
      false,
    ],
    "type": "div",
  },
  Symbol(enzyme.__nodes__): Array [
    Object {
      "instance": null,
      "key": undefined,
      "nodeType": "host",
      "props": Object {
        "children": Array [
          <Card
            header="My Account"
          >
            <CardSpacer />
            <CardTextList
              textList={
                Array [
                  Object {
                    "title": "Name",
                    "value": "Larry Finklestein",
                  },
                  Object {
                    "title": "Email",
                    "value": "mockuser1@gmail.com",
                  },
                ]
              }
            />
            <CardSpacer />
            <CardTextList
              textList={
                Array [
                  Object {
                    "title": "Registered",
                    "value": "Jun. 30, 2017, 12:52:54",
                  },
                  Object {
                    "title": "Last login",
                    "value": "Jun. 30, 2017, 18:11:03",
                  },
                ]
              }
            />
            <CardSpacer />
            <ButtonRow>
              <Button
                onClick={[Function]}
                position="left"
                text="Logout"
                type="info"
              />
              <Button
                onClick={[Function]}
                position="right"
                text="Edit"
                type="secondary"
              />
            </ButtonRow>
          </Card>,
          false,
        ],
        "className": undefined,
      },
      "ref": null,
      "rendered": Array [
        Object {
          "instance": null,
          "key": undefined,
          "nodeType": "function",
          "props": Object {
            "children": Array [
              <CardSpacer />,
              <CardTextList
                textList={
                  Array [
                    Object {
                      "title": "Name",
                      "value": "Larry Finklestein",
                    },
                    Object {
                      "title": "Email",
                      "value": "mockuser1@gmail.com",
                    },
                  ]
                }
              />,
              <CardSpacer />,
              <CardTextList
                textList={
                  Array [
                    Object {
                      "title": "Registered",
                      "value": "Jun. 30, 2017, 12:52:54",
                    },
                    Object {
                      "title": "Last login",
                      "value": "Jun. 30, 2017, 18:11:03",
                    },
                  ]
                }
              />,
              <CardSpacer />,
              <ButtonRow>
                <Button
                  onClick={[Function]}
                  position="left"
                  text="Logout"
                  type="info"
                />
                <Button
                  onClick={[Function]}
                  position="right"
                  text="Edit"
                  type="secondary"
                />
              </ButtonRow>,
            ],
            "header": "My Account",
          },
          "ref": null,
          "rendered": Array [
            Object {
              "instance": null,
              "key": undefined,
              "nodeType": "function",
              "props": Object {},
              "ref": null,
              "rendered": null,
              "type": [Function],
            },
            Object {
              "instance": null,
              "key": undefined,
              "nodeType": "function",
              "props": Object {
                "textList": Array [
                  Object {
                    "title": "Name",
                    "value": "Larry Finklestein",
                  },
                  Object {
                    "title": "Email",
                    "value": "mockuser1@gmail.com",
                  },
                ],
              },
              "ref": null,
              "rendered": null,
              "type": [Function],
            },
            Object {
              "instance": null,
              "key": undefined,
              "nodeType": "function",
              "props": Object {},
              "ref": null,
              "rendered": null,
              "type": [Function],
            },
            Object {
              "instance": null,
              "key": undefined,
              "nodeType": "function",
              "props": Object {
                "textList": Array [
                  Object {
                    "title": "Registered",
                    "value": "Jun. 30, 2017, 12:52:54",
                  },
                  Object {
                    "title": "Last login",
                    "value": "Jun. 30, 2017, 18:11:03",
                  },
                ],
              },
              "ref": null,
              "rendered": null,
              "type": [Function],
            },
            Object {
              "instance": null,
              "key": undefined,
              "nodeType": "function",
              "props": Object {},
              "ref": null,
              "rendered": null,
              "type": [Function],
            },
            Object {
              "instance": null,
              "key": undefined,
              "nodeType": "function",
              "props": Object {
                "children": Array [
                  <Button
                    onClick={[Function]}
                    position="left"
                    text="Logout"
                    type="info"
                  />,
                  <Button
                    onClick={[Function]}
                    position="right"
                    text="Edit"
                    type="secondary"
                  />,
                ],
              },
              "ref": null,
              "rendered": Array [
                Object {
                  "instance": null,
                  "key": undefined,
                  "nodeType": "function",
                  "props": Object {
                    "onClick": [Function],
                    "position": "left",
                    "text": "Logout",
                    "type": "info",
                  },
                  "ref": null,
                  "rendered": null,
                  "type": [Function],
                },
                Object {
                  "instance": null,
                  "key": undefined,
                  "nodeType": "function",
                  "props": Object {
                    "onClick": [Function],
                    "position": "right",
                    "text": "Edit",
                    "type": "secondary",
                  },
                  "ref": null,
                  "rendered": null,
                  "type": [Function],
                },
              ],
              "type": [Function],
            },
          ],
          "type": [Function],
        },
        false,
      ],
      "type": "div",
    },
  ],
  Symbol(enzyme.__options__): Object {
    "adapter": ReactSixteenAdapter {
      "options": Object {
        "enableComponentDidUpdateOnSetState": true,
      },
    },
  },
}
`;
