// Jest Snapshot v1, https://goo.gl/fbAQLP

exports[`VerifyAccountNotice matches the snapshot 1`] = `
ShallowWrapper {
  "length": 1,
  Symbol(enzyme.__root__): [Circular],
  Symbol(enzyme.__unrendered__): <VerifyAccountNotice
    emailHasBeenSent={false}
    onSendLinkClick={[Function]}
  />,
  Symbol(enzyme.__renderer__): Object {
    "batchedUpdates": [Function],
    "getNode": [Function],
    "render": [Function],
    "simulateEvent": [Function],
    "unmount": [Function],
  },
  Symbol(enzyme.__node__): Object {
    "instance": null,
    "key": undefined,
    "nodeType": "function",
    "props": Object {
      "children": Array [
        <CardSpacer />,
        <CardTextList
          textList={
            Array [
              Object {
                "title": "",
                "value": "You must verify your email address before your account will be fully activated.",
              },
              Object {
                "title": "",
                "value": "You should have received a verification link at your email address when you registered, but if you need a new link, you can request one below.",
              },
              Object {
                "title": "NOTE",
                "value": "After verifying your email, you MUST log out and log back in one time for the activation to take effect.",
              },
            ]
          }
        />,
        <CardSpacer />,
        <Button
          disabled={false}
          onClick={[Function]}
          text="Resend Verification Link"
          type="warning"
        />,
      ],
      "title": "Your email address has not been verified!",
    },
    "ref": null,
    "rendered": Array [
      Object {
        "instance": null,
        "key": undefined,
        "nodeType": "function",
        "props": Object {},
        "ref": null,
        "rendered": null,
        "type": [Function],
      },
      Object {
        "instance": null,
        "key": undefined,
        "nodeType": "function",
        "props": Object {
          "textList": Array [
            Object {
              "title": "",
              "value": "You must verify your email address before your account will be fully activated.",
            },
            Object {
              "title": "",
              "value": "You should have received a verification link at your email address when you registered, but if you need a new link, you can request one below.",
            },
            Object {
              "title": "NOTE",
              "value": "After verifying your email, you MUST log out and log back in one time for the activation to take effect.",
            },
          ],
        },
        "ref": null,
        "rendered": null,
        "type": [Function],
      },
      Object {
        "instance": null,
        "key": undefined,
        "nodeType": "function",
        "props": Object {},
        "ref": null,
        "rendered": null,
        "type": [Function],
      },
      Object {
        "instance": null,
        "key": undefined,
        "nodeType": "function",
        "props": Object {
          "disabled": false,
          "onClick": [Function],
          "text": "Resend Verification Link",
          "type": "warning",
        },
        "ref": null,
        "rendered": null,
        "type": [Function],
      },
    ],
    "type": [Function],
  },
  Symbol(enzyme.__nodes__): Array [
    Object {
      "instance": null,
      "key": undefined,
      "nodeType": "function",
      "props": Object {
        "children": Array [
          <CardSpacer />,
          <CardTextList
            textList={
              Array [
                Object {
                  "title": "",
                  "value": "You must verify your email address before your account will be fully activated.",
                },
                Object {
                  "title": "",
                  "value": "You should have received a verification link at your email address when you registered, but if you need a new link, you can request one below.",
                },
                Object {
                  "title": "NOTE",
                  "value": "After verifying your email, you MUST log out and log back in one time for the activation to take effect.",
                },
              ]
            }
          />,
          <CardSpacer />,
          <Button
            disabled={false}
            onClick={[Function]}
            text="Resend Verification Link"
            type="warning"
          />,
        ],
        "title": "Your email address has not been verified!",
      },
      "ref": null,
      "rendered": Array [
        Object {
          "instance": null,
          "key": undefined,
          "nodeType": "function",
          "props": Object {},
          "ref": null,
          "rendered": null,
          "type": [Function],
        },
        Object {
          "instance": null,
          "key": undefined,
          "nodeType": "function",
          "props": Object {
            "textList": Array [
              Object {
                "title": "",
                "value": "You must verify your email address before your account will be fully activated.",
              },
              Object {
                "title": "",
                "value": "You should have received a verification link at your email address when you registered, but if you need a new link, you can request one below.",
              },
              Object {
                "title": "NOTE",
                "value": "After verifying your email, you MUST log out and log back in one time for the activation to take effect.",
              },
            ],
          },
          "ref": null,
          "rendered": null,
          "type": [Function],
        },
        Object {
          "instance": null,
          "key": undefined,
          "nodeType": "function",
          "props": Object {},
          "ref": null,
          "rendered": null,
          "type": [Function],
        },
        Object {
          "instance": null,
          "key": undefined,
          "nodeType": "function",
          "props": Object {
            "disabled": false,
            "onClick": [Function],
            "text": "Resend Verification Link",
            "type": "warning",
          },
          "ref": null,
          "rendered": null,
          "type": [Function],
        },
      ],
      "type": [Function],
    },
  ],
  Symbol(enzyme.__options__): Object {
    "adapter": ReactSixteenAdapter {
      "options": Object {
        "enableComponentDidUpdateOnSetState": true,
      },
    },
  },
}
`;
