// Jest Snapshot v1, https://goo.gl/fbAQLP

exports[`AccountDetailView matches the snapshot 1`] = `
ShallowWrapper {
  "length": 1,
  Symbol(enzyme.__root__): [Circular],
  Symbol(enzyme.__unrendered__): <AccountDetailView
    onLogoutClick={[Function]}
    onVerifyAccountClick={[Function]}
    user={Object {}}
  />,
  Symbol(enzyme.__renderer__): Object {
    "batchedUpdates": [Function],
    "getNode": [Function],
    "render": [Function],
    "simulateEvent": [Function],
    "unmount": [Function],
  },
  Symbol(enzyme.__node__): Object {
    "instance": null,
    "key": undefined,
    "nodeType": "host",
    "props": Object {
      "children": Array [
        <Card
          classes={
            Array [
              "detail-card",
              "account-detail-card",
            ]
          }
          header="My Account"
          hoverable={false}
        >
          <CardSpacer />
          <CardTextList
            textList={
              Array [
                Object {
                  "title": "Email",
                  "value": "mockuser1@gmail.com (unverified)",
                },
              ]
            }
          />
          <CardSpacer />
          <CardTextList
            textList={
              Array [
                Object {
                  "title": "Registered",
                  "value": "Jun. 30, 2017, 12:52:54",
                },
                Object {
                  "title": "Last login",
                  "value": "Jun. 30, 2017, 18:11:03",
                },
              ]
            }
          />
          <CardSpacer />
          <Button
            onClick={[Function]}
            text="Logout"
            type="info"
          />
        </Card>,
        <VerifyAccountNotice
          onSendLinkClick={[Function]}
        />,
      ],
      "className": "bookly-detail-view bookly-account-detail-view",
    },
    "ref": null,
    "rendered": Array [
      Object {
        "instance": null,
        "key": undefined,
        "nodeType": "function",
        "props": Object {
          "children": Array [
            <CardSpacer />,
            <CardTextList
              textList={
                Array [
                  Object {
                    "title": "Email",
                    "value": "mockuser1@gmail.com (unverified)",
                  },
                ]
              }
            />,
            <CardSpacer />,
            <CardTextList
              textList={
                Array [
                  Object {
                    "title": "Registered",
                    "value": "Jun. 30, 2017, 12:52:54",
                  },
                  Object {
                    "title": "Last login",
                    "value": "Jun. 30, 2017, 18:11:03",
                  },
                ]
              }
            />,
            <CardSpacer />,
            <Button
              onClick={[Function]}
              text="Logout"
              type="info"
            />,
          ],
          "classes": Array [
            "detail-card",
            "account-detail-card",
          ],
          "header": "My Account",
          "hoverable": false,
        },
        "ref": null,
        "rendered": Array [
          Object {
            "instance": null,
            "key": undefined,
            "nodeType": "function",
            "props": Object {},
            "ref": null,
            "rendered": null,
            "type": [Function],
          },
          Object {
            "instance": null,
            "key": undefined,
            "nodeType": "function",
            "props": Object {
              "textList": Array [
                Object {
                  "title": "Email",
                  "value": "mockuser1@gmail.com (unverified)",
                },
              ],
            },
            "ref": null,
            "rendered": null,
            "type": [Function],
          },
          Object {
            "instance": null,
            "key": undefined,
            "nodeType": "function",
            "props": Object {},
            "ref": null,
            "rendered": null,
            "type": [Function],
          },
          Object {
            "instance": null,
            "key": undefined,
            "nodeType": "function",
            "props": Object {
              "textList": Array [
                Object {
                  "title": "Registered",
                  "value": "Jun. 30, 2017, 12:52:54",
                },
                Object {
                  "title": "Last login",
                  "value": "Jun. 30, 2017, 18:11:03",
                },
              ],
            },
            "ref": null,
            "rendered": null,
            "type": [Function],
          },
          Object {
            "instance": null,
            "key": undefined,
            "nodeType": "function",
            "props": Object {},
            "ref": null,
            "rendered": null,
            "type": [Function],
          },
          Object {
            "instance": null,
            "key": undefined,
            "nodeType": "function",
            "props": Object {
              "onClick": [Function],
              "text": "Logout",
              "type": "info",
            },
            "ref": null,
            "rendered": null,
            "type": [Function],
          },
        ],
        "type": [Function],
      },
      Object {
        "instance": null,
        "key": undefined,
        "nodeType": "function",
        "props": Object {
          "onSendLinkClick": [Function],
        },
        "ref": null,
        "rendered": null,
        "type": [Function],
      },
    ],
    "type": "div",
  },
  Symbol(enzyme.__nodes__): Array [
    Object {
      "instance": null,
      "key": undefined,
      "nodeType": "host",
      "props": Object {
        "children": Array [
          <Card
            classes={
              Array [
                "detail-card",
                "account-detail-card",
              ]
            }
            header="My Account"
            hoverable={false}
          >
            <CardSpacer />
            <CardTextList
              textList={
                Array [
                  Object {
                    "title": "Email",
                    "value": "mockuser1@gmail.com (unverified)",
                  },
                ]
              }
            />
            <CardSpacer />
            <CardTextList
              textList={
                Array [
                  Object {
                    "title": "Registered",
                    "value": "Jun. 30, 2017, 12:52:54",
                  },
                  Object {
                    "title": "Last login",
                    "value": "Jun. 30, 2017, 18:11:03",
                  },
                ]
              }
            />
            <CardSpacer />
            <Button
              onClick={[Function]}
              text="Logout"
              type="info"
            />
          </Card>,
          <VerifyAccountNotice
            onSendLinkClick={[Function]}
          />,
        ],
        "className": "bookly-detail-view bookly-account-detail-view",
      },
      "ref": null,
      "rendered": Array [
        Object {
          "instance": null,
          "key": undefined,
          "nodeType": "function",
          "props": Object {
            "children": Array [
              <CardSpacer />,
              <CardTextList
                textList={
                  Array [
                    Object {
                      "title": "Email",
                      "value": "mockuser1@gmail.com (unverified)",
                    },
                  ]
                }
              />,
              <CardSpacer />,
              <CardTextList
                textList={
                  Array [
                    Object {
                      "title": "Registered",
                      "value": "Jun. 30, 2017, 12:52:54",
                    },
                    Object {
                      "title": "Last login",
                      "value": "Jun. 30, 2017, 18:11:03",
                    },
                  ]
                }
              />,
              <CardSpacer />,
              <Button
                onClick={[Function]}
                text="Logout"
                type="info"
              />,
            ],
            "classes": Array [
              "detail-card",
              "account-detail-card",
            ],
            "header": "My Account",
            "hoverable": false,
          },
          "ref": null,
          "rendered": Array [
            Object {
              "instance": null,
              "key": undefined,
              "nodeType": "function",
              "props": Object {},
              "ref": null,
              "rendered": null,
              "type": [Function],
            },
            Object {
              "instance": null,
              "key": undefined,
              "nodeType": "function",
              "props": Object {
                "textList": Array [
                  Object {
                    "title": "Email",
                    "value": "mockuser1@gmail.com (unverified)",
                  },
                ],
              },
              "ref": null,
              "rendered": null,
              "type": [Function],
            },
            Object {
              "instance": null,
              "key": undefined,
              "nodeType": "function",
              "props": Object {},
              "ref": null,
              "rendered": null,
              "type": [Function],
            },
            Object {
              "instance": null,
              "key": undefined,
              "nodeType": "function",
              "props": Object {
                "textList": Array [
                  Object {
                    "title": "Registered",
                    "value": "Jun. 30, 2017, 12:52:54",
                  },
                  Object {
                    "title": "Last login",
                    "value": "Jun. 30, 2017, 18:11:03",
                  },
                ],
              },
              "ref": null,
              "rendered": null,
              "type": [Function],
            },
            Object {
              "instance": null,
              "key": undefined,
              "nodeType": "function",
              "props": Object {},
              "ref": null,
              "rendered": null,
              "type": [Function],
            },
            Object {
              "instance": null,
              "key": undefined,
              "nodeType": "function",
              "props": Object {
                "onClick": [Function],
                "text": "Logout",
                "type": "info",
              },
              "ref": null,
              "rendered": null,
              "type": [Function],
            },
          ],
          "type": [Function],
        },
        Object {
          "instance": null,
          "key": undefined,
          "nodeType": "function",
          "props": Object {
            "onSendLinkClick": [Function],
          },
          "ref": null,
          "rendered": null,
          "type": [Function],
        },
      ],
      "type": "div",
    },
  ],
  Symbol(enzyme.__options__): Object {
    "adapter": ReactSixteenAdapter {
      "options": Object {
        "enableComponentDidUpdateOnSetState": true,
      },
    },
  },
}
`;
